data/category_kpis.csv
location_id,kpi_date,category,total_revenue,units_sold,avg_price_per_unit,gross_margin_pct,gross_profit,units_per_day,days_to_sellthrough
2,2026-02-15,Edibles,8505.51,532,15.99,37.12,3157.52,532,19.42
2,2026-02-16,Edibles,5964.57,280,21.3,37.2,2218.99,280,11.78
2,2026-02-17,Edibles,6558.45,248,26.45,32.45,2128.3,248,5.16
2,2026-02-18,Edibles,6585.46,400,16.46,31.34,2063.56,400,25.5
2,2026-02-19,Edibles,6089.83,362,16.82,31.58,1922.93,362,22.15
2,2026-02-20,Edibles,6903.48,335,20.61,36.3,2506.17,335,21.12
2,2026-02-21,Edibles,8191.12,337,24.31,32.46,2658.66,337,12.38
2,2026-02-22,Edibles,6993.97,234,29.89,35.29,2468.48,234,24.17
2,2026-02-23,Edibles,6489.85,364,17.83,39.88,2588.15,364,27.04
2,2026-02-24,Edibles,6369.42,385,16.54,33.02,2103.03,385,8.41
2,2026-02-25,Edibles,6787.31,229,29.64,32.21,2186.12,229,19.14
2,2026-02-26,Edibles,5926.55,358,16.55,34.79,2062.14,358,26.6
2,2026-02-27,Edibles,6859.25,384,17.86,36.97,2536.0,384,23.05
2,2026-02-28,Edibles,8156.02,458,17.81,38.85,3169.02,458,14.24
2,2026-03-01,Edibles,10219.53,453,22.56,39.0,3986.08,453,25.01
2,2026-03-02,Edibles,6738.73,251,26.85,36.23,2441.48,251,18.06
2,2026-03-03,Edibles,6040.99,230,26.27,39.21,2368.57,230,27.43
2,2026-03-04,Edibles,6821.78,301,22.66,31.36,2139.07,301,26.28
2,2026-03-05,Edibles,6854.42,355,19.31,33.87,2321.29,355,9.07
2,2026-03-06,Edibles,5759.93,228,25.26,38.24,2202.78,228,14.93
2,2026-03-07,Edibles,8170.81,316,25.86,36.55,2986.76,316,29.94
2,2026-03-08,Edibles,7852.46,391,20.08,30.89,2425.86,391,13.88
2,2026-03-09,Edibles,6421.02,325,19.76,37.16,2385.84,325,24.47
2,2026-03-10,Edibles,6074.38,248,24.49,32.49,1973.46,248,22.34
2,2026-03-11,Edibles,5790.97,330,17.55,33.67,1949.58,330,21.26
2,2026-03-12,Edibles,6864.98,266,25.81,31.18,2140.32,266,7.85
2,2026-03-13,Edibles,6901.59,231,29.88,32.96,2274.78,231,16.61
2,2026-03-14,Edibles,8922.87,330,27.04,36.49,3255.82,330,24.92
2,2026-03-15,Edibles,10080.95,380,26.53,35.77,3605.6,380,19.13
2,2026-03-16,Edibles,6706.31,365,18.37,36.43,2443.32,365,15.08
2,2026-03-17,Edibles,7128.25,304,23.45,36.2,2580.25,304,16.83
2,2026-02-15,Vapes,7342.29,201,36.53,28.6,2099.99,201,17.49
2,2026-02-16,Vapes,5096.57,148,34.44,30.02,1530.01,148,27.55
2,2026-02-17,Vapes,5366.6,174,30.84,28.46,1527.56,174,25.99
2,2026-02-18,Vapes,5913.9,150,39.43,29.35,1735.72,150,29.11
2,2026-02-19,Vapes,6126.56,144,42.55,25.4,1556.35,144,25.9
2,2026-02-20,Vapes,5931.46,188,31.55,33.13,1964.94,188,5.55
2,2026-02-21,Vapes,7985.46,205,38.95,25.61,2045.06,205,11.99
2,2026-02-22,Vapes,7593.94,153,49.63,26.0,1974.53,153,21.42
2,2026-02-23,Vapes,5759.09,175,32.91,29.9,1722.22,175,7.26
2,2026-02-24,Vapes,5453.69,111,49.13,32.92,1795.27,111,29.02
2,2026-02-25,Vapes,6126.22,214,28.63,32.45,1988.17,214,10.95
2,2026-02-26,Vapes,5444.83,129,42.21,26.63,1449.77,129,6.84
2,2026-02-27,Vapes,6861.33,216,31.77,27.82,1908.5,216,10.94
2,2026-02-28,Vapes,7197.3,227,31.71,29.65,2134.04,227,10.66
2,2026-03-01,Vapes,9132.71,225,40.59,26.2,2393.03,225,23.93
2,2026-03-02,Vapes,5552.58,157,35.37,26.48,1470.44,157,19.7
2,2026-03-03,Vapes,5187.46,114,45.5,28.03,1454.07,114,12.01
2,2026-03-04,Vapes,6864.71,266,25.81,26.93,1848.5,266,25.82
2,2026-03-05,Vapes,6030.36,122,49.43,33.57,2024.46,122,21.18
2,2026-03-06,Vapes,4803.61,127,37.82,31.62,1519.07,127,26.08
2,2026-03-07,Vapes,6755.68,190,35.56,28.88,1951.23,190,5.88
2,2026-03-08,Vapes,7155.21,218,32.82,32.88,2352.7,218,13.28
2,2026-03-09,Vapes,5813.9,142,40.94,26.77,1556.28,142,20.86
2,2026-03-10,Vapes,5115.91,181,28.26,28.84,1475.2,181,19.72
2,2026-03-11,Vapes,4646.28,99,46.93,27.56,1280.42,99,18.37
2,2026-03-12,Vapes,6180.3,206,30.0,27.0,1668.53,206,11.57
2,2026-03-13,Vapes,6038.98,205,29.46,25.39,1533.57,205,12.26
2,2026-03-14,Vapes,6923.53,163,42.48,25.59,1771.49,163,28.56
2,2026-03-15,Vapes,9598.46,229,41.91,28.38,2724.33,229,18.08
2,2026-03-16,Vapes,6280.6,172,36.52,33.01,2073.39,172,16.2
2,2026-03-17,Vapes,6677.91,155,43.08,26.14,1745.62,155,23.98
2,2026-02-15,Concentrates,3160.9,115,27.49,32.55,1028.91,115,7.57
2,2026-02-16,Concentrates,2025.92,56,36.18,39.81,806.6,56,28.85
2,2026-02-17,Concentrates,2285.58,58,39.41,30.01,686.01,58,21.43
2,2026-02-18,Concentrates,2381.26,94,25.33,33.15,789.39,94,25.02
2,2026-02-19,Concentrates,2159.52,98,22.04,32.48,701.46,98,13.89
2,2026-02-20,Concentrates,2071.65,54,38.36,34.43,713.36,54,8.22
2,2026-02-21,Concentrates,2931.75,122,24.03,38.85,1138.88,122,18.15
2,2026-02-22,Concentrates,2559.55,70,36.56,39.17,1002.64,70,6.4
2,2026-02-23,Concentrates,2123.18,87,24.4,35.26,748.73,87,5.02
2,2026-02-24,Concentrates,2344.77,99,23.68,39.69,930.58,99,22.34
2,2026-02-25,Concentrates,2402.44,102,23.55,38.85,933.42,102,7.22
2,2026-02-26,Concentrates,2197.51,84,26.16,33.19,729.29,84,28.79
2,2026-02-27,Concentrates,2321.19,73,31.8,38.4,891.3,73,8.84
2,2026-02-28,Concentrates,2698.66,127,21.25,37.52,1012.6,127,21.69
2,2026-03-01,Concentrates,3205.43,80,40.07,39.72,1273.25,80,25.21
2,2026-03-02,Concentrates,2308.04,59,39.12,39.25,905.89,59,19.07
2,2026-03-03,Concentrates,2227.72,65,34.27,30.98,690.2,65,26.72
2,2026-03-04,Concentrates,2648.59,105,25.22,34.56,915.47,105,27.95
2,2026-03-05,Concentrates,2393.89,94,25.47,34.1,816.2,94,5.5
2,2026-03-06,Concentrates,1978.44,60,32.97,36.09,714.03,60,12.46
2,2026-03-07,Concentrates,2874.86,91,31.59,31.9,917.06,91,23.16
2,2026-03-08,Concentrates,2525.96,97,26.04,38.51,972.8,97,16.76
2,2026-03-09,Concentrates,2042.07,80,25.53,37.61,768.06,80,9.22
2,2026-03-10,Concentrates,1916.69,52,36.86,32.98,632.16,52,12.27
2,2026-03-11,Concentrates,1811.36,45,40.25,36.62,663.31,45,21.34
2,2026-03-12,Concentrates,2620.97,109,24.05,37.03,970.66,109,12.38
2,2026-03-13,Concentrates,2706.8,103,26.28,37.39,1011.95,103,7.37
2,2026-03-14,Concentrates,2719.53,96,28.33,35.91,976.52,96,25.06
2,2026-03-15,Concentrates,3543.77,161,22.01,36.62,1297.63,161,11.21
2,2026-03-16,Concentrates,2763.09,95,29.09,31.19,861.73,95,17.43
2,2026-03-17,Concentrates,2377.7,88,27.02,38.3,910.63,88,29.11
2,2026-02-15,Topicals,1356.55,39,34.78,37.28,505.78,39,17.72
2,2026-02-16,Topicals,847.77,28,30.28,37.82,320.65,28,26.12
2,2026-02-17,Topicals,974.4,28,34.8,36.04,351.17,28,18.25
2,2026-02-18,Topicals,1120.5,32,35.02,38.18,427.81,32,11.8
2,2026-02-19,Topicals,961.1,28,34.33,37.6,361.39,28,29.77
2,2026-02-20,Topicals,1051.36,28,37.55,38.32,402.83,28,6.07
2,2026-02-21,Topicals,1390.18,38,36.58,42.95,597.06,38,29.74
2,2026-02-22,Topicals,1264.92,51,24.8,43.47,549.8,51,24.93
2,2026-02-23,Topicals,1041.69,43,24.23,36.3,378.18,43,22.92
2,2026-02-24,Topicals,1059.48,29,36.53,37.23,394.47,29,19.72
2,2026-02-25,Topicals,978.27,29,33.73,43.87,429.13,29,16.17
2,2026-02-26,Topicals,805.86,34,23.7,38.75,312.31,34,23.3
2,2026-02-27,Topicals,1062.84,37,28.73,37.95,403.3,37,21.55
2,2026-02-28,Topicals,1112.22,41,27.13,40.41,449.5,41,29.27
2,2026-03-01,Topicals,1360.03,47,28.94,44.88,610.42,47,15.88
2,2026-03-02,Topicals,865.5,33,26.23,40.36,349.28,33,13.6
2,2026-03-03,Topicals,886.41,22,40.29,39.43,349.52,22,25.65
2,2026-03-04,Topicals,1106.96,43,25.74,43.24,478.6,43,17.63
2,2026-03-05,Topicals,1046.28,29,36.08,35.09,367.13,29,27.79
2,2026-03-06,Topicals,801.61,37,21.67,44.88,359.79,37,21.01
2,2026-03-07,Topicals,1117.18,36,31.03,42.85,478.7,36,27.66
2,2026-03-08,Topicals,1220.32,38,32.11,44.44,542.35,38,6.78
2,2026-03-09,Topicals,1022.78,34,30.08,42.64,436.07,34,7.2
2,2026-03-10,Topicals,920.15,28,32.86,38.38,353.14,28,27.2
2,2026-03-11,Topicals,771.37,22,35.06,39.17,302.13,22,14.51
2,2026-03-12,Topicals,1015.1,33,30.76,37.08,376.37,33,28.33
2,2026-03-13,Topicals,1150.56,55,20.92,43.52,500.72,55,21.58
2,2026-03-14,Topicals,1295.34,54,23.99,38.8,502.56,54,13.96
2,2026-03-15,Topicals,1415.13,42,33.69,38.85,549.76,42,25.98
2,2026-03-16,Topicals,1139.26,51,22.34,39.12,445.72,51,18.93
2,2026-03-17,Topicals,1034.17,33,31.34,42.02,434.57,33,6.14
2,2026-02-15,Tinctures,809.92,21,38.57,42.45,343.78,21,16.79
2,2026-02-16,Tinctures,597.14,19,31.43,40.08,239.33,19,10.02
2,2026-02-17,Tinctures,575.42,19,30.29,40.6,233.61,19,29.92
2,2026-02-18,Tinctures,657.08,27,24.34,47.8,314.08,27,19.62
2,2026-02-19,Tinctures,579.09,20,28.95,44.52,257.82,20,23.7
2,2026-02-20,Tinctures,643.32,27,23.83,45.74,294.25,27,25.54
2,2026-02-21,Tinctures,954.09,35,27.26,45.45,433.59,35,17.12
2,2026-02-22,Tinctures,744.84,20,37.24,48.45,360.89,20,9.4
2,2026-02-23,Tinctures,694.57,18,38.59,43.24,300.31,18,5.55
2,2026-02-24,Tinctures,608.29,23,26.45,46.88,285.2,23,8.18
2,2026-02-25,Tinctures,596.62,23,25.94,40.68,242.69,23,11.42
2,2026-02-26,Tinctures,592.77,15,39.52,40.93,242.63,15,19.85
2,2026-02-27,Tinctures,743.46,30,24.78,40.26,299.3,30,9.27
2,2026-02-28,Tinctures,822.98,26,31.65,48.41,398.39,26,25.46
2,2026-03-01,Tinctures,1077.41,33,32.65,48.34,520.83,33,11.45
2,2026-03-02,Tinctures,615.86,22,27.99,44.86,276.25,22,20.22
2,2026-03-03,Tinctures,608.16,21,28.96,46.46,282.52,21,9.7
2,2026-03-04,Tinctures,728.16,32,22.75,40.31,293.49,32,14.31
2,2026-03-05,Tinctures,679.96,21,32.38,40.08,272.56,21,11.31
2,2026-03-06,Tinctures,621.78,24,25.91,47.11,292.93,24,27.31
2,2026-03-07,Tinctures,815.68,27,30.21,48.45,395.23,27,26.02
2,2026-03-08,Tinctures,817.04,27,30.26,48.67,397.69,27,14.54
2,2026-03-09,Tinctures,662.42,20,33.12,44.03,291.69,20,29.13
2,2026-03-10,Tinctures,644.84,24,26.87,49.01,316.06,24,13.98
2,2026-03-11,Tinctures,574.27,19,30.22,41.53,238.5,19,22.38
2,2026-03-12,Tinctures,720.14,35,20.58,46.72,336.42,35,27.67
2,2026-03-13,Tinctures,681.31,25,27.25,44.38,302.35,25,20.55
2,2026-03-14,Tinctures,755.23,22,34.33,48.39,365.42,22,29.34
2,2026-03-15,Tinctures,984.81,24,41.03,40.55,399.3,24,21.08
2,2026-03-16,Tinctures,663.24,30,22.11,46.04,305.37,30,20.48
2,2026-03-17,Tinctures,671.06,29,23.14,47.17,316.53,29,23.04
3,2026-02-15,Flower,12900.62,266,48.5,36.88,4757.16,266,20.02
3,2026-02-16,Flower,11153.03,329,33.9,38.87,4335.63,329,15.41
3,2026-02-17,Flower,14112.37,237,59.55,41.5,5856.75,237,20.42
3,2026-02-18,Flower,12205.09,314,38.87,42.54,5191.55,314,7.45
3,2026-02-19,Flower,14314.06,279,51.3,41.48,5936.95,279,17.57
3,2026-02-20,Flower,12249.97,273,44.87,40.73,4989.02,273,12.01
3,2026-02-21,Flower,13867.09,235,59.01,41.83,5799.98,235,11.49
3,2026-02-22,Flower,13759.54,298,46.17,42.03,5782.78,298,20.67
3,2026-02-23,Flower,12193.76,378,32.26,44.28,5399.46,378,8.49
3,2026-02-24,Flower,9867.35,206,47.9,40.37,3983.6,206,20.26
3,2026-02-25,Flower,11760.29,347,33.89,41.55,4886.96,347,8.4
3,2026-02-26,Flower,9601.44,199,48.25,43.42,4168.75,199,19.02
3,2026-02-27,Flower,11119.33,265,41.96,40.02,4450.14,265,16.28
3,2026-02-28,Flower,17416.59,438,39.76,42.04,7321.47,438,14.3
3,2026-03-01,Flower,15959.42,390,40.92,42.17,6730.57,390,8.66
3,2026-03-02,Flower,11948.84,366,32.65,39.49,4718.84,366,20.9
3,2026-03-03,Flower,10087.44,188,53.66,40.03,4038.33,188,8.65
3,2026-03-04,Flower,9684.21,172,56.3,39.09,3785.22,172,9.65
3,2026-03-05,Flower,10071.71,249,40.45,42.05,4235.65,249,17.3
3,2026-03-06,Flower,11595.25,239,48.52,40.21,4662.46,239,16.96
3,2026-03-07,Flower,15026.72,468,32.11,35.9,5394.84,468,10.98
3,2026-03-08,Flower,15579.02,264,59.01,39.59,6167.5,264,13.45
3,2026-03-09,Flower,11952.75,208,57.47,39.99,4779.9,208,9.8
3,2026-03-10,Flower,9804.38,267,36.72,40.77,3996.92,267,7.76
3,2026-03-11,Flower,10688.64,259,41.27,43.54,4654.18,259,10.91
3,2026-03-12,Flower,12556.32,394,31.87,43.14,5416.57,394,13.67
3,2026-03-13,Flower,10576.68,301,35.14,43.08,4556.13,301,11.72
3,2026-03-14,Flower,13495.44,407,33.16,35.64,4809.49,407,19.3
3,2026-03-15,Flower,16311.64,320,50.97,36.77,5997.85,320,15.37
3,2026-03-16,Flower,11213.79,303,37.01,35.07,3932.92,303,12.23
3,2026-03-17,Flower,12348.67,346,35.69,35.19,4345.99,346,7.69
3,2026-02-15,Pre-Rolls,5871.99,524,11.21,47.81,2807.64,524,22.92
3,2026-02-16,Pre-Rolls,4918.96,426,11.55,43.85,2156.8,426,29.49
3,2026-02-17,Pre-Rolls,5851.15,454,12.89,43.22,2529.09,454,7.89
3,2026-02-18,Pre-Rolls,5355.14,614,8.72,48.68,2606.9,614,23.49
3,2026-02-19,Pre-Rolls,5720.97,468,12.22,47.76,2732.42,468,29.11
3,2026-02-20,Pre-Rolls,5374.21,525,10.24,42.2,2267.9,525,9.6
3,2026-02-21,Pre-Rolls,6285.15,430,14.62,43.86,2756.59,430,18.51
3,2026-02-22,Pre-Rolls,6756.76,539,12.54,49.4,3337.67,539,23.67
3,2026-02-23,Pre-Rolls,5312.32,525,10.12,40.87,2170.88,525,24.13
3,2026-02-24,Pre-Rolls,4510.16,340,13.27,49.04,2211.58,340,13.6
3,2026-02-25,Pre-Rolls,5341.29,373,14.32,43.18,2306.26,373,16.27
3,2026-02-26,Pre-Rolls,4083.42,346,11.8,42.63,1740.86,346,27.16
3,2026-02-27,Pre-Rolls,5086.49,372,13.67,46.14,2346.93,372,9.15
3,2026-02-28,Pre-Rolls,7258.68,524,13.85,42.63,3094.6,524,18.61
3,2026-03-01,Pre-Rolls,6903.14,504,13.7,47.2,3258.46,504,17.04
3,2026-03-02,Pre-Rolls,5745.97,624,9.21,48.3,2775.51,624,20.02
3,2026-03-03,Pre-Rolls,4745.32,532,8.92,46.03,2184.49,532,25.69
3,2026-03-04,Pre-Rolls,4519.91,334,13.53,45.78,2069.21,334,7.95
3,2026-03-05,Pre-Rolls,4808.87,381,12.62,47.48,2283.16,381,16.16
3,2026-03-06,Pre-Rolls,4618.76,315,14.66,48.2,2226.35,315,21.01
3,2026-03-07,Pre-Rolls,6554.19,454,14.44,43.48,2849.83,454,29.08
3,2026-03-08,Pre-Rolls,6460.01,788,8.2,41.16,2659.11,788,6.69
3,2026-03-09,Pre-Rolls,5174.32,366,14.14,42.07,2176.72,366,10.07
3,2026-03-10,Pre-Rolls,4658.08,410,11.36,45.41,2115.13,410,17.56
3,2026-03-11,Pre-Rolls,4122.1,462,8.92,45.76,1886.23,462,10.71
3,2026-03-12,Pre-Rolls,5318.37,477,11.15,43.35,2305.33,477,14.02
3,2026-03-13,Pre-Rolls,5007.56,417,12.01,48.49,2428.12,417,6.78
3,2026-03-14,Pre-Rolls,6256.59,764,8.19,43.97,2751.03,764,24.12
3,2026-03-15,Pre-Rolls,6558.07,526,12.47,45.64,2993.09,526,18.09
3,2026-03-16,Pre-Rolls,4925.05,413,11.93,43.95,2164.44,413,9.08
3,2026-03-17,Pre-Rolls,5201.6,559,9.31,41.02,2133.84,559,11.73
3,2026-02-15,Edibles,7373.07,347,21.25,39.27,2895.13,347,25.94
3,2026-02-16,Edibles,6599.08,249,26.5,32.74,2160.27,249,29.09
3,2026-02-17,Edibles,7565.09,340,22.25,35.71,2701.22,340,21.68
3,2026-02-18,Edibles,7208.46,275,26.21,35.61,2567.13,275,10.94
3,2026-02-19,Edibles,7246.4,410,17.67,36.83,2668.6,410,9.67
3,2026-02-20,Edibles,6194.85,274,22.61,34.16,2116.12,274,18.43
3,2026-02-21,Edibles,7400.59,258,28.68,38.22,2828.58,258,14.37
3,2026-02-22,Edibles,7947.69,363,21.89,33.32,2647.94,363,7.19
3,2026-02-23,Edibles,6615.23,316,20.93,36.61,2421.65,316,16.85
3,2026-02-24,Edibles,6148.67,249,24.69,35.13,2159.75,249,9.02
3,2026-02-25,Edibles,7117.31,363,19.61,35.84,2550.96,363,19.14
3,2026-02-26,Edibles,5370.01,332,16.17,30.19,1621.01,332,17.68
3,2026-02-27,Edibles,6358.63,293,21.7,31.79,2021.5,293,28.72
3,2026-02-28,Edibles,8487.36,342,24.82,33.65,2856.25,342,21.33
3,2026-03-01,Edibles,9687.66,533,18.18,31.61,3062.51,533,25.83
3,2026-03-02,Edibles,7557.54,276,27.38,31.82,2404.72,276,21.49
3,2026-03-03,Edibles,6853.76,257,26.67,36.49,2501.1,257,18.05
3,2026-03-04,Edibles,5214.44,210,24.83,36.88,1922.96,210,12.9
3,2026-03-05,Edibles,6225.41,357,17.44,32.14,2001.13,357,15.01
3,2026-03-06,Edibles,5966.86,331,18.03,36.57,2182.01,331,25.1
3,2026-03-07,Edibles,7831.78,325,24.1,31.95,2501.88,325,28.24
3,2026-03-08,Edibles,8692.65,290,29.97,36.77,3196.21,290,10.75
3,2026-03-09,Edibles,6259.01,257,24.35,31.56,1975.34,257,7.67
3,2026-03-10,Edibles,5735.47,226,25.38,31.75,1820.9,226,29.41
3,2026-03-11,Edibles,5402.16,283,19.09,32.36,1748.03,283,15.81
3,2026-03-12,Edibles,6995.07,241,29.03,32.58,2278.79,241,5.5
3,2026-03-13,Edibles,6066.13,329,18.44,33.17,2012.06,329,12.28
3,2026-03-14,Edibles,7573.44,399,18.98,31.55,2389.63,399,21.37
3,2026-03-15,Edibles,8758.54,445,19.68,33.47,2931.63,445,18.49
3,2026-03-16,Edibles,7001.75,335,20.9,33.78,2365.44,335,11.57
3,2026-03-17,Edibles,7183.72,277,25.93,32.33,2322.36,277,8.77
3,2026-02-15,Vapes,7328.53,165,44.42,29.51,2162.29,165,21.46
3,2026-02-16,Vapes,5999.03,165,36.36,26.33,1579.77,165,15.32
3,2026-02-17,Vapes,6900.12,157,43.95,33.41,2305.6,157,12.15
3,2026-02-18,Vapes,6390.23,142,45.0,27.88,1781.36,142,21.61
3,2026-02-19,Vapes,6358.0,167,38.07,28.77,1829.32,167,15.71
3,2026-02-20,Vapes,5604.38,183,30.63,27.13,1520.67,183,13.3
3,2026-02-21,Vapes,7384.66,204,36.2,25.44,1878.55,204,27.46
3,2026-02-22,Vapes,7000.01,156,44.87,30.58,2140.66,156,19.37
3,2026-02-23,Vapes,6069.21,213,28.49,28.91,1754.61,213,24.94
3,2026-02-24,Vapes,5317.68,115,46.24,26.94,1432.76,115,9.53
3,2026-02-25,Vapes,6090.27,185,32.92,29.28,1783.42,185,5.12
3,2026-02-26,Vapes,4785.2,120,39.88,29.05,1390.17,120,19.75
3,2026-02-27,Vapes,5888.57,119,49.48,32.36,1905.49,119,17.09
3,2026-02-28,Vapes,8719.93,229,38.08,28.76,2508.14,229,27.68
3,2026-03-01,Vapes,7919.7,303,26.14,30.73,2434.11,303,9.03
3,2026-03-02,Vapes,6120.8,141,43.41,28.43,1739.94,141,16.34
3,2026-03-03,Vapes,5566.53,213,26.13,30.3,1686.56,213,10.74
3,2026-03-04,Vapes,5062.71,175,28.93,31.52,1595.55,175,11.34
3,2026-03-05,Vapes,5213.99,134,38.91,31.97,1666.94,134,22.67
3,2026-03-06,Vapes,5203.85,201,25.89,31.0,1612.94,201,17.9
3,2026-03-07,Vapes,7488.94,237,31.6,29.07,2177.14,237,7.66
3,2026-03-08,Vapes,7338.88,150,48.93,30.17,2213.78,150,5.24
3,2026-03-09,Vapes,6428.31,153,42.02,31.63,2033.55,153,20.35
3,2026-03-10,Vapes,5483.14,150,36.55,31.89,1748.69,150,5.3
3,2026-03-11,Vapes,5158.96,180,28.66,34.59,1784.56,180,8.74
3,2026-03-12,Vapes,5749.26,123,46.74,34.63,1991.04,123,9.97
3,2026-03-13,Vapes,5583.03,135,41.36,27.71,1547.2,135,16.12
3,2026-03-14,Vapes,8009.14,244,32.82,27.47,2200.43,244,12.1
3,2026-03-15,Vapes,8136.03,225,36.16,28.66,2331.61,225,11.5
3,2026-03-16,Vapes,5922.69,191,31.01,32.65,1933.49,191,27.75
3,2026-03-17,Vapes,6190.61,184,33.64,28.12,1740.54,184,24.99
