data/category_kpis.csv
location_id,kpi_date,category,total_revenue,units_sold,avg_price_per_unit,gross_margin_pct,gross_profit,units_per_day,days_to_sellthrough
3,2026-02-15,Concentrates,3055.73,134,22.8,34.99,1069.15,134,18.26
3,2026-02-16,Concentrates,2217.61,63,35.2,32.99,731.57,63,22.54
3,2026-02-17,Concentrates,2917.93,80,36.47,35.23,1027.91,80,5.63
3,2026-02-18,Concentrates,2551.95,91,28.04,39.57,1009.73,91,29.4
3,2026-02-19,Concentrates,2675.07,118,22.67,35.84,958.74,118,11.38
3,2026-02-20,Concentrates,2307.09,94,24.54,37.53,865.77,94,18.26
3,2026-02-21,Concentrates,2541.29,83,30.62,39.48,1003.36,83,9.18
3,2026-02-22,Concentrates,2825.86,112,25.23,33.88,957.41,112,20.76
3,2026-02-23,Concentrates,2366.0,60,39.43,31.44,743.89,60,21.93
3,2026-02-24,Concentrates,2321.57,62,37.44,38.51,894.12,62,28.31
3,2026-02-25,Concentrates,2310.83,94,24.58,37.4,864.21,94,15.9
3,2026-02-26,Concentrates,2220.31,71,31.27,35.43,786.76,71,29.97
3,2026-02-27,Concentrates,2156.57,88,24.51,34.88,752.13,88,6.57
3,2026-02-28,Concentrates,3188.27,117,27.25,38.68,1233.13,117,17.17
3,2026-03-01,Concentrates,3493.33,168,20.79,35.72,1247.91,168,6.4
3,2026-03-02,Concentrates,2543.21,103,24.69,33.85,861.0,103,7.71
3,2026-03-03,Concentrates,2356.74,65,36.26,33.81,796.87,65,19.73
3,2026-03-04,Concentrates,2168.34,76,28.53,33.66,729.79,76,11.89
3,2026-03-05,Concentrates,1953.19,49,39.86,30.05,586.99,49,7.28
3,2026-03-06,Concentrates,2000.74,85,23.54,30.36,607.44,85,10.98
3,2026-03-07,Concentrates,2623.98,101,25.98,39.47,1035.69,101,25.07
3,2026-03-08,Concentrates,3160.08,126,25.08,30.93,977.41,126,21.84
3,2026-03-09,Concentrates,2427.97,78,31.13,30.42,738.65,78,17.06
3,2026-03-10,Concentrates,1932.36,61,31.68,33.25,642.59,61,20.32
3,2026-03-11,Concentrates,2180.87,92,23.71,35.0,763.22,92,29.89
3,2026-03-12,Concentrates,2455.79,74,33.19,31.75,779.6,74,24.51
3,2026-03-13,Concentrates,2442.3,89,27.44,35.87,876.04,89,29.14
3,2026-03-14,Concentrates,2964.88,131,22.63,38.39,1138.07,131,5.71
3,2026-03-15,Concentrates,2865.11,143,20.04,38.15,1093.15,143,26.2
3,2026-03-16,Concentrates,2483.58,73,34.02,32.85,815.78,73,23.57
3,2026-03-17,Concentrates,2650.63,90,29.45,37.91,1004.97,90,13.26
3,2026-02-15,Topicals,1091.75,28,38.99,43.39,473.69,28,17.07
3,2026-02-16,Topicals,979.77,28,34.99,44.36,434.58,28,20.81
3,2026-02-17,Topicals,1086.37,32,33.95,37.0,401.95,32,23.75
3,2026-02-18,Topicals,969.98,31,31.29,35.13,340.75,31,11.28
3,2026-02-19,Topicals,1095.21,32,34.23,36.55,400.28,32,8.84
3,2026-02-20,Topicals,1118.09,30,37.27,44.81,501.03,30,5.22
3,2026-02-21,Topicals,1266.39,41,30.89,35.07,444.17,41,6.64
3,2026-02-22,Topicals,1263.69,62,20.38,41.73,527.38,62,18.37
3,2026-02-23,Topicals,1088.04,30,36.27,42.29,460.17,30,14.33
3,2026-02-24,Topicals,1031.5,35,29.47,40.5,417.72,35,12.27
3,2026-02-25,Topicals,1114.29,49,22.74,42.33,471.68,49,26.95
3,2026-02-26,Topicals,875.14,24,36.46,38.66,338.31,24,10.58
3,2026-02-27,Topicals,926.27,44,21.05,37.07,343.35,44,27.69
3,2026-02-28,Topicals,1357.07,42,32.31,40.02,543.08,42,8.47
3,2026-03-01,Topicals,1388.78,58,23.94,44.58,619.15,58,19.98
3,2026-03-02,Topicals,1006.82,27,37.29,40.04,403.17,27,15.49
3,2026-03-03,Topicals,998.43,28,35.66,41.97,419.01,28,7.44
3,2026-03-04,Topicals,899.03,25,35.96,39.13,351.81,25,24.59
3,2026-03-05,Topicals,834.31,21,39.73,39.35,328.33,21,6.6
3,2026-03-06,Topicals,815.53,35,23.3,44.97,366.73,35,24.49
3,2026-03-07,Topicals,1342.06,35,38.34,43.13,578.85,35,19.37
3,2026-03-08,Topicals,1351.5,62,21.8,44.31,598.9,62,16.91
3,2026-03-09,Topicals,1012.18,33,30.67,44.85,454.0,33,27.42
3,2026-03-10,Topicals,836.76,27,30.99,37.37,312.71,27,16.78
3,2026-03-11,Topicals,942.36,31,30.4,42.21,397.73,31,24.63
3,2026-03-12,Topicals,1006.7,30,33.56,39.87,401.42,30,23.41
3,2026-03-13,Topicals,959.1,40,23.98,35.23,337.9,40,23.19
3,2026-03-14,Topicals,1279.85,34,37.64,38.25,489.57,34,16.9
3,2026-03-15,Topicals,1238.21,42,29.48,35.08,434.4,42,28.05
3,2026-03-16,Topicals,1064.64,37,28.77,43.53,463.49,37,9.56
3,2026-03-17,Topicals,1104.08,28,39.43,35.56,392.61,28,24.39
3,2026-02-15,Tinctures,801.4,20,40.07,41.77,334.76,20,19.46
3,2026-02-16,Tinctures,572.79,17,33.69,42.91,245.76,17,13.63
3,2026-02-17,Tinctures,726.68,28,25.95,42.51,308.88,28,25.98
3,2026-02-18,Tinctures,688.02,19,36.21,48.7,335.08,19,25.75
3,2026-02-19,Tinctures,728.94,34,21.44,49.32,359.54,34,20.39
3,2026-02-20,Tinctures,700.95,24,29.21,49.04,343.78,24,20.34
3,2026-02-21,Tinctures,800.02,22,36.36,48.65,389.21,22,15.61
3,2026-02-22,Tinctures,878.05,27,32.52,47.56,417.6,27,19.64
3,2026-02-23,Tinctures,730.09,23,31.74,45.55,332.56,23,8.08
3,2026-02-24,Tinctures,571.65,26,21.99,47.26,270.14,26,17.18
3,2026-02-25,Tinctures,690.38,25,27.62,43.05,297.24,25,18.79
3,2026-02-26,Tinctures,618.63,17,36.39,42.91,265.45,17,16.62
3,2026-02-27,Tinctures,616.47,20,30.82,44.55,274.62,20,6.16
3,2026-02-28,Tinctures,847.24,39,21.72,46.43,393.41,39,10.29
3,2026-03-01,Tinctures,985.26,48,20.53,47.2,465.0,48,21.54
3,2026-03-02,Tinctures,663.68,30,22.12,44.76,297.05,30,20.37
3,2026-03-03,Tinctures,588.47,19,30.97,42.33,249.07,19,26.48
3,2026-03-04,Tinctures,576.43,21,27.45,45.55,262.56,21,11.34
3,2026-03-05,Tinctures,565.36,26,21.74,40.38,228.28,26,14.61
3,2026-03-06,Tinctures,586.31,21,27.92,45.86,268.89,21,17.94
3,2026-03-07,Tinctures,851.66,21,40.56,45.63,388.63,21,24.25
3,2026-03-08,Tinctures,821.83,21,39.13,42.69,350.85,21,28.68
3,2026-03-09,Tinctures,707.48,23,30.76,49.84,352.64,23,27.9
3,2026-03-10,Tinctures,599.26,21,28.54,44.99,269.59,21,10.26
3,2026-03-11,Tinctures,563.72,18,31.32,45.68,257.5,18,14.96
3,2026-03-12,Tinctures,745.02,26,28.65,42.87,319.36,26,20.79
3,2026-03-13,Tinctures,671.68,17,39.51,47.01,315.73,17,7.0
3,2026-03-14,Tinctures,904.69,29,31.2,42.72,386.52,29,16.12
3,2026-03-15,Tinctures,928.25,31,29.94,40.09,372.15,31,15.76
3,2026-03-16,Tinctures,640.34,19,33.7,46.18,295.69,19,11.8
3,2026-03-17,Tinctures,629.69,21,29.99,41.92,263.98,21,26.04
4,2026-02-15,Flower,18077.07,329,54.95,36.22,6547.45,329,17.75
4,2026-02-16,Flower,13278.42,334,39.76,36.67,4869.67,334,10.87
4,2026-02-17,Flower,15020.24,348,43.16,36.93,5546.92,348,16.65
4,2026-02-18,Flower,15240.72,273,55.83,42.76,6516.96,273,10.34
4,2026-02-19,Flower,14239.61,347,41.04,41.06,5846.72,347,7.99
4,2026-02-20,Flower,13412.19,275,48.77,36.79,4934.21,275,17.49
4,2026-02-21,Flower,16110.38,304,52.99,44.26,7130.69,304,10.56
4,2026-02-22,Flower,20041.57,541,37.05,43.11,8640.07,541,8.29
4,2026-02-23,Flower,14571.89,480,30.36,42.77,6233.01,480,12.35
4,2026-02-24,Flower,11759.13,251,46.85,39.88,4689.38,251,16.13
4,2026-02-25,Flower,12359.6,234,52.82,43.53,5379.84,234,8.57
4,2026-02-26,Flower,14981.57,279,53.7,41.18,6169.36,279,7.74
4,2026-02-27,Flower,15522.44,371,41.84,36.57,5676.56,371,11.85
4,2026-02-28,Flower,21051.19,367,57.36,38.29,8061.1,367,14.59
4,2026-03-01,Flower,16811.1,388,43.33,44.34,7453.65,388,19.52
4,2026-03-02,Flower,17320.9,568,30.49,37.7,6529.73,568,12.78
4,2026-03-03,Flower,13983.25,447,31.28,44.96,6286.64,447,14.26
4,2026-03-04,Flower,16332.02,375,43.55,36.79,6008.35,375,15.26
4,2026-03-05,Flower,14940.29,422,35.4,42.12,6292.92,422,12.87
4,2026-03-06,Flower,15168.98,482,31.47,36.48,5534.03,482,16.15
4,2026-03-07,Flower,19997.99,515,38.83,36.35,7268.36,515,16.72
4,2026-03-08,Flower,19745.2,408,48.4,42.09,8309.94,408,20.71
4,2026-03-09,Flower,14147.33,354,39.96,38.38,5429.66,354,16.41
4,2026-03-10,Flower,16173.76,331,48.86,43.42,7023.3,331,14.99
4,2026-03-11,Flower,15444.0,337,45.83,42.76,6603.13,337,9.01
4,2026-03-12,Flower,14014.91,354,39.59,39.41,5523.44,354,8.65
4,2026-03-13,Flower,15270.97,277,55.13,41.99,6412.84,277,15.63
4,2026-03-14,Flower,20082.0,355,56.57,39.53,7938.98,355,7.42
4,2026-03-15,Flower,16144.14,301,53.64,40.45,6529.54,301,10.31
4,2026-03-16,Flower,12983.0,376,34.53,40.31,5233.78,376,12.46
4,2026-03-17,Flower,13941.8,376,37.08,42.02,5858.65,376,12.52
4,2026-02-15,Pre-Rolls,6919.31,516,13.41,44.43,3074.22,516,23.44
4,2026-02-16,Pre-Rolls,5121.71,378,13.55,40.09,2053.26,378,6.05
4,2026-02-17,Pre-Rolls,5894.46,659,8.94,48.99,2887.5,659,17.13
4,2026-02-18,Pre-Rolls,7546.88,598,12.62,45.39,3425.49,598,14.69
4,2026-02-19,Pre-Rolls,6967.9,736,9.47,44.91,3129.57,736,27.24
4,2026-02-20,Pre-Rolls,5949.52,680,8.75,46.39,2759.76,680,13.95
4,2026-02-21,Pre-Rolls,7999.63,718,11.14,43.97,3517.51,718,23.16
4,2026-02-22,Pre-Rolls,8281.05,574,14.43,47.34,3920.47,574,23.09
4,2026-02-23,Pre-Rolls,5880.94,709,8.29,45.4,2669.91,709,8.74
4,2026-02-24,Pre-Rolls,5106.2,414,12.33,47.36,2418.13,414,11.16
4,2026-02-25,Pre-Rolls,4949.97,338,14.64,49.27,2438.72,338,26.72
4,2026-02-26,Pre-Rolls,6918.25,858,8.06,43.89,3036.18,858,11.78
4,2026-02-27,Pre-Rolls,6677.72,539,12.39,42.36,2828.82,539,29.46
4,2026-02-28,Pre-Rolls,7762.32,865,8.97,45.41,3525.14,865,25.0
4,2026-03-01,Pre-Rolls,7970.52,803,9.93,47.79,3809.2,803,7.67
4,2026-03-02,Pre-Rolls,7391.98,495,14.93,47.58,3516.94,495,6.65
4,2026-03-03,Pre-Rolls,5507.5,418,13.18,45.58,2510.15,418,17.9
4,2026-03-04,Pre-Rolls,7425.47,788,9.42,44.55,3307.81,788,11.25
4,2026-03-05,Pre-Rolls,5735.95,428,13.4,44.46,2550.35,428,20.66
4,2026-03-06,Pre-Rolls,5538.36,396,13.99,46.67,2584.75,396,25.95
4,2026-03-07,Pre-Rolls,8102.11,693,11.69,45.25,3665.92,693,22.4
4,2026-03-08,Pre-Rolls,8139.78,996,8.17,46.25,3765.02,996,7.95
4,2026-03-09,Pre-Rolls,7023.43,517,13.58,46.46,3262.84,517,17.04
4,2026-03-10,Pre-Rolls,6180.69,508,12.17,48.65,3006.66,508,23.79
4,2026-03-11,Pre-Rolls,6795.14,494,13.76,49.38,3355.46,494,21.92
4,2026-03-12,Pre-Rolls,5846.28,589,9.93,40.15,2347.43,589,20.57
4,2026-03-13,Pre-Rolls,6184.47,450,13.74,47.13,2914.68,450,21.77
4,2026-03-14,Pre-Rolls,8096.49,774,10.46,44.61,3612.04,774,9.27
4,2026-03-15,Pre-Rolls,7237.51,846,8.55,49.31,3568.72,846,19.35
4,2026-03-16,Pre-Rolls,6080.48,648,9.38,46.82,2846.59,648,12.91
4,2026-03-17,Pre-Rolls,5365.32,502,10.69,43.82,2350.85,502,18.63
4,2026-02-15,Edibles,8807.19,401,21.96,37.71,3321.19,401,18.03
4,2026-02-16,Edibles,7810.24,352,22.19,35.96,2808.73,352,14.28
4,2026-02-17,Edibles,7987.62,411,19.43,36.97,2953.05,411,9.74
4,2026-02-18,Edibles,9682.95,431,22.47,35.51,3438.87,431,20.33
4,2026-02-19,Edibles,7835.84,290,27.02,30.61,2398.31,290,18.95
4,2026-02-20,Edibles,8002.96,320,25.01,38.83,3107.41,320,9.17
4,2026-02-21,Edibles,10707.78,447,23.95,35.18,3766.58,447,29.84
4,2026-02-22,Edibles,11927.23,677,17.62,38.26,4563.01,677,22.24
4,2026-02-23,Edibles,8163.76,445,18.35,30.51,2490.37,445,23.29
4,2026-02-24,Edibles,6627.84,248,26.73,33.23,2202.7,248,28.1
4,2026-02-25,Edibles,7709.38,506,15.24,36.94,2847.69,506,7.78
4,2026-02-26,Edibles,9577.45,384,24.94,38.64,3701.0,384,5.48
4,2026-02-27,Edibles,9177.67,337,27.23,36.26,3327.63,337,26.97
4,2026-02-28,Edibles,11791.88,600,19.65,37.05,4369.05,600,18.1
4,2026-03-01,Edibles,9163.3,346,26.48,36.12,3309.77,346,11.67
4,2026-03-02,Edibles,10203.29,342,29.83,38.67,3945.74,342,17.25
4,2026-03-03,Edibles,7695.89,488,15.77,32.91,2532.86,488,14.95
4,2026-03-04,Edibles,9860.9,344,28.67,37.96,3743.68,344,22.96
4,2026-03-05,Edibles,7342.68,432,17.0,32.03,2351.75,432,20.56
4,2026-03-06,Edibles,7810.49,271,28.82,30.49,2381.44,271,15.42
4,2026-03-07,Edibles,11566.76,695,16.64,37.3,4314.09,695,20.72
4,2026-03-08,Edibles,12893.87,477,27.03,39.99,5156.24,477,15.35
4,2026-03-09,Edibles,8864.96,312,28.41,35.37,3135.51,312,13.38
4,2026-03-10,Edibles,8773.01,444,19.76,30.32,2659.65,444,15.35
4,2026-03-11,Edibles,7813.64,302,25.87,34.59,2703.02,302,22.84
4,2026-03-12,Edibles,8406.56,464,18.12,33.5,2816.47,464,12.96
4,2026-03-13,Edibles,8624.71,291,29.64,37.56,3239.22,291,16.64
4,2026-03-14,Edibles,11430.22,474,24.11,31.27,3574.68,474,7.57
4,2026-03-15,Edibles,9321.07,390,23.9,34.63,3227.8,390,18.88
4,2026-03-16,Edibles,8095.09,282,28.71,33.05,2675.06,282,28.58
4,2026-03-17,Edibles,7665.05,346,22.15,31.88,2443.79,346,14.61
4,2026-02-15,Vapes,9585.03,260,36.87,31.81,3049.42,260,12.8
4,2026-02-16,Vapes,6105.91,210,29.08,25.91,1582.29,210,20.47
4,2026-02-17,Vapes,6823.6,202,33.78,32.32,2205.66,202,11.88
4,2026-02-18,Vapes,8365.19,203,41.21,26.1,2183.7,203,18.08
4,2026-02-19,Vapes,8373.85,236,35.48,28.69,2402.51,236,22.71
4,2026-02-20,Vapes,6798.39,194,35.04,28.38,1929.05,194,8.95
4,2026-02-21,Vapes,8439.86,259,32.59,27.22,2297.23,259,26.39
4,2026-02-22,Vapes,10295.08,215,47.88,30.95,3186.57,215,12.51
4,2026-02-23,Vapes,7186.53,198,36.3,30.95,2224.33,198,17.62
4,2026-02-24,Vapes,5988.48,143,41.88,29.24,1750.76,143,13.71
4,2026-02-25,Vapes,6455.8,252,25.62,27.09,1748.88,252,18.45
4,2026-02-26,Vapes,8644.39,209,41.36,27.31,2360.93,209,14.52
4,2026-02-27,Vapes,8902.62,196,45.42,25.29,2251.89,196,18.87
4,2026-02-28,Vapes,9173.28,183,50.13,34.76,3188.43,183,8.63
4,2026-03-01,Vapes,8919.96,289,30.86,27.32,2437.1,289,22.18
4,2026-03-02,Vapes,8163.99,224,36.45,27.47,2242.47,224,15.12
4,2026-03-03,Vapes,6486.08,141,46.0,29.61,1920.75,141,15.56
4,2026-03-04,Vapes,7903.57,283,27.93,29.49,2331.08,283,14.07
4,2026-03-05,Vapes,6802.41,186,36.57,33.55,2282.49,186,18.59
4,2026-03-06,Vapes,6853.37,163,42.05,31.11,2132.14,163,22.29
4,2026-03-07,Vapes,11174.01,301,37.12,31.89,3563.0,301,28.35
4,2026-03-08,Vapes,10488.58,268,39.14,31.38,3290.8,268,5.28
4,2026-03-09,Vapes,8222.44,232,35.44,32.43,2666.2,232,25.88
4,2026-03-10,Vapes,7579.88,244,31.07,29.52,2237.51,244,28.77
4,2026-03-11,Vapes,7623.71,303,25.16,34.32,2616.72,303,22.18
4,2026-03-12,Vapes,7003.82,164,42.71,27.83,1949.35,164,11.12
4,2026-03-13,Vapes,7142.78,157,45.5,34.2,2442.61,157,16.71
4,2026-03-14,Vapes,10384.07,231,44.95,28.26,2934.4,231,21.24
4,2026-03-15,Vapes,8953.19,304,29.45,34.56,3094.12,304,6.74
4,2026-03-16,Vapes,7090.81,143,49.59,28.44,2016.81,143,7.23
4,2026-03-17,Vapes,7248.64,157,46.17,26.54,1923.98,157,29.94
4,2026-02-15,Concentrates,3279.4,100,32.79,30.42,997.65,100,28.44
4,2026-02-16,Concentrates,2809.83,70,40.14,36.25,1018.6,70,6.49
4,2026-02-17,Concentrates,3018.67,78,38.7,35.55,1072.99,78,6.72
4,2026-02-18,Concentrates,3080.5,83,37.11,31.3,964.13,83,26.84
4,2026-02-19,Concentrates,3187.87,125,25.5,30.41,969.32,125,6.76
4,2026-02-20,Concentrates,3105.9,107,29.03,33.52,1041.2,107,12.88
4,2026-02-21,Concentrates,3090.68,84,36.79,36.9,1140.38,84,11.9
4,2026-02-22,Concentrates,4125.54,130,31.73,30.78,1270.04,130,6.4
4,2026-02-23,Concentrates,2697.2,104,25.93,33.94,915.52,104,8.3
4,2026-02-24,Concentrates,2446.14,76,32.19,30.24,739.76,76,12.62
4,2026-02-25,Concentrates,2385.69,78,30.59,32.59,777.41,78,17.08
4,2026-02-26,Concentrates,3430.1,155,22.13,33.15,1137.24,155,26.67
4,2026-02-27,Concentrates,3070.21,133,23.08,38.97,1196.51,133,21.42
4,2026-02-28,Concentrates,4181.37,109,38.36,33.17,1387.17,109,18.93
4,2026-03-01,Concentrates,3326.63,98,33.95,34.77,1156.54,98,17.56
4,2026-03-02,Concentrates,2988.62,86,34.75,33.8,1010.27,86,12.82
4,2026-03-03,Concentrates,2684.37,127,21.14,35.17,944.08,127,8.56
4,2026-03-04,Concentrates,3339.7,120,27.83,37.91,1266.1,120,17.79
4,2026-03-05,Concentrates,2507.71,66,38.0,32.38,811.97,66,19.72
4,2026-03-06,Concentrates,2902.6,81,35.83,31.77,922.28,81,16.38
4,2026-03-07,Concentrates,4344.73,168,25.86,36.09,1567.94,168,12.91
4,2026-03-08,Concentrates,3967.0,154,25.76,37.9,1503.57,154,12.69
4,2026-03-09,Concentrates,2904.33,84,34.58,33.16,962.93,84,18.4
4,2026-03-10,Concentrates,2782.02,106,26.25,31.12,865.83,106,24.62
4,2026-03-11,Concentrates,3007.25,138,21.79,34.67,1042.57,138,6.15
4,2026-03-12,Concentrates,2682.45,83,32.32,33.39,895.6,83,16.09
4,2026-03-13,Concentrates,2971.93,88,33.77,37.1,1102.65,88,16.63
4,2026-03-14,Concentrates,4019.17,131,30.68,34.01,1366.85,131,15.34
4,2026-03-15,Concentrates,3015.15,83,36.33,37.71,1137.12,83,14.47
4,2026-03-16,Concentrates,2519.15,63,39.99,34.04,857.57,63,8.19
4,2026-03-17,Concentrates,2686.71,118,22.77,30.72,825.29,118,5.39
4,2026-02-15,Topicals,1463.11,58,25.23,41.39,605.51,58,9.97
4,2026-02-16,Topicals,1140.74,33,34.57,42.91,489.54,33,8.15
4,2026-02-17,Topicals,1129.6,43,26.27,37.63,425.11,43,14.18
4,2026-02-18,Topicals,1359.36,45,30.21,35.99,489.2,45,19.28
4,2026-02-19,Topicals,1232.85,31,39.77,44.61,549.92,31,7.43
4,2026-02-20,Topicals,1329.41,50,26.59,38.72,514.71,50,24.1
4,2026-02-21,Topicals,1480.41,47,31.5,44.26,655.22,47,8.87
4,2026-02-22,Topicals,1781.65,66,26.99,43.17,769.16,66,15.41
4,2026-02-23,Topicals,1121.79,35,32.05,35.49,398.16,35,14.98
4,2026-02-24,Topicals,1193.38,36,33.15,44.9,535.84,36,16.06
4,2026-02-25,Topicals,1136.8,49,23.2,41.99,477.31,49,5.46
4,2026-02-26,Topicals,1350.58,56,24.12,40.01,540.32,56,16.45
4,2026-02-27,Topicals,1262.84,45,28.06,44.61,563.3,45,20.31
4,2026-02-28,Topicals,1797.15,80,22.46,38.18,686.08,80,26.99
4,2026-03-01,Topicals,1497.71,43,34.83,38.74,580.21,43,26.3
4,2026-03-02,Topicals,1441.49,41,35.16,40.94,590.12,41,18.13
4,2026-03-03,Topicals,1199.21,41,29.25,42.23,506.39,41,7.83
4,2026-03-04,Topicals,1552.65,56,27.73,38.81,602.52,56,24.21
4,2026-03-05,Topicals,1186.83,42,28.26,35.79,424.81,42,20.0
4,2026-03-06,Topicals,1240.07,32,38.75,35.93,445.57,32,12.48
4,2026-03-07,Topicals,1705.6,42,40.61,38.54,657.31,42,8.24
4,2026-03-08,Topicals,1810.62,68,26.63,35.06,634.83,68,22.15
4,2026-03-09,Topicals,1221.09,36,33.92,43.0,525.01,36,27.2
4,2026-03-10,Topicals,1334.29,34,39.24,39.44,526.21,34,5.62
4,2026-03-11,Topicals,1270.17,38,33.43,38.12,484.25,38,19.44
4,2026-03-12,Topicals,1164.42,39,29.86,41.75,486.2,39,7.65
4,2026-03-13,Topicals,1216.14,49,24.82,43.61,530.37,49,20.42
4,2026-03-14,Topicals,1666.67,53,31.45,44.74,745.65,53,14.6
4,2026-03-15,Topicals,1400.31,42,33.34,35.91,502.79,42,25.43
4,2026-03-16,Topicals,1148.14,41,28.0,40.49,464.87,41,6.33
4,2026-03-17,Topicals,1162.86,39,29.82,39.37,457.79,39,29.76
