data/category_kpis.csv
location_id,kpi_date,category,total_revenue,units_sold,avg_price_per_unit,gross_margin_pct,gross_profit,units_per_day,days_to_sellthrough
7,2026-02-15,Vapes,7386.86,169,43.71,34.44,2544.09,169,14.23
7,2026-02-16,Vapes,5566.6,142,39.2,34.0,1892.8,142,24.53
7,2026-02-17,Vapes,4906.43,125,39.25,26.24,1287.34,125,18.98
7,2026-02-18,Vapes,4626.69,99,46.73,28.17,1303.51,99,11.43
7,2026-02-19,Vapes,5620.05,162,34.69,26.15,1469.69,162,6.52
7,2026-02-20,Vapes,4749.06,189,25.13,29.65,1407.93,189,25.73
7,2026-02-21,Vapes,6188.8,147,42.1,28.43,1759.25,147,11.53
7,2026-02-22,Vapes,6265.56,149,42.05,28.53,1787.56,149,25.32
7,2026-02-23,Vapes,4704.84,157,29.97,33.21,1562.53,157,14.9
7,2026-02-24,Vapes,4978.63,121,41.15,34.43,1714.18,121,6.3
7,2026-02-25,Vapes,4892.8,120,40.77,25.97,1270.53,120,17.0
7,2026-02-26,Vapes,6156.21,170,36.21,28.01,1724.64,170,20.65
7,2026-02-27,Vapes,5630.99,188,29.95,30.73,1730.52,188,20.93
7,2026-02-28,Vapes,6241.83,175,35.67,26.95,1682.43,175,10.01
7,2026-03-01,Vapes,6534.09,150,43.56,27.05,1767.68,150,9.61
7,2026-03-02,Vapes,5454.49,196,27.83,34.36,1874.22,196,12.63
7,2026-03-03,Vapes,4224.18,94,44.94,33.73,1424.75,94,26.29
7,2026-03-04,Vapes,4969.35,106,46.88,28.96,1439.07,106,12.65
7,2026-03-05,Vapes,5086.83,123,41.36,32.86,1671.47,123,28.17
7,2026-03-06,Vapes,5205.76,137,38.0,32.61,1697.68,137,8.73
7,2026-03-07,Vapes,5476.54,154,35.56,31.86,1744.7,154,15.08
7,2026-03-08,Vapes,6432.53,249,25.83,31.89,2051.35,249,17.22
7,2026-03-09,Vapes,5465.91,112,48.8,30.87,1687.6,112,17.56
7,2026-03-10,Vapes,4631.02,127,36.46,34.11,1579.56,127,9.59
7,2026-03-11,Vapes,4971.42,117,42.49,32.5,1615.58,117,14.53
7,2026-03-12,Vapes,4432.67,153,28.97,28.58,1266.89,153,10.42
7,2026-03-13,Vapes,4817.79,102,47.23,32.97,1588.39,102,25.76
7,2026-03-14,Vapes,7083.63,177,40.02,34.83,2467.3,177,7.55
7,2026-03-15,Vapes,6973.14,226,30.85,31.16,2173.07,226,27.42
7,2026-03-16,Vapes,5491.33,176,31.2,30.39,1668.99,176,27.67
7,2026-03-17,Vapes,5312.14,180,29.51,27.49,1460.29,180,12.13
7,2026-02-15,Concentrates,3149.03,98,32.13,34.09,1073.39,98,8.02
7,2026-02-16,Concentrates,2123.04,61,34.8,36.06,765.51,61,24.05
7,2026-02-17,Concentrates,1719.36,53,32.44,35.77,614.99,53,6.32
7,2026-02-18,Concentrates,1689.34,76,22.23,31.68,535.21,76,8.6
7,2026-02-19,Concentrates,2065.91,73,28.3,34.84,719.8,73,15.19
7,2026-02-20,Concentrates,1786.25,45,39.69,30.01,535.97,45,28.34
7,2026-02-21,Concentrates,2623.74,90,29.15,32.46,851.65,90,29.58
7,2026-02-22,Concentrates,2510.04,92,27.28,31.77,797.49,92,24.2
7,2026-02-23,Concentrates,2086.42,66,31.61,34.94,729.0,66,18.79
7,2026-02-24,Concentrates,1936.44,67,28.9,39.95,773.63,67,11.85
7,2026-02-25,Concentrates,2099.43,65,32.3,36.26,761.31,65,13.36
7,2026-02-26,Concentrates,2017.1,60,33.62,35.59,717.94,60,12.37
7,2026-02-27,Concentrates,1969.11,69,28.54,37.25,733.42,69,16.12
7,2026-02-28,Concentrates,2449.93,68,36.03,33.42,818.66,68,21.7
7,2026-03-01,Concentrates,2887.29,105,27.5,30.74,887.47,105,5.75
7,2026-03-02,Concentrates,1901.64,52,36.57,36.61,696.17,52,28.53
7,2026-03-03,Concentrates,1972.9,52,37.94,32.09,633.15,52,7.04
7,2026-03-04,Concentrates,2214.29,70,31.63,39.35,871.43,70,14.35
7,2026-03-05,Concentrates,1814.68,84,21.6,30.38,551.35,84,10.01
7,2026-03-06,Concentrates,1994.13,81,24.62,37.49,747.63,81,16.86
7,2026-03-07,Concentrates,2322.87,75,30.97,33.26,772.6,75,5.58
7,2026-03-08,Concentrates,2320.24,108,21.48,39.63,919.51,108,12.1
7,2026-03-09,Concentrates,2159.42,84,25.71,30.07,649.43,84,8.57
7,2026-03-10,Concentrates,1744.3,62,28.13,39.46,688.25,62,10.99
7,2026-03-11,Concentrates,2217.74,59,37.59,33.97,753.29,59,5.27
7,2026-03-12,Concentrates,1509.75,45,33.55,32.16,485.56,45,22.42
7,2026-03-13,Concentrates,1852.67,79,23.45,34.16,632.81,79,7.69
7,2026-03-14,Concentrates,2889.37,72,40.13,38.5,1112.54,72,9.29
7,2026-03-15,Concentrates,2376.02,68,34.94,37.57,892.73,68,20.49
7,2026-03-16,Concentrates,2283.04,91,25.09,36.87,841.84,91,22.99
7,2026-03-17,Concentrates,2154.37,65,33.14,32.72,704.88,65,24.53
7,2026-02-15,Topicals,1255.5,60,20.93,36.53,458.67,60,14.29
7,2026-02-16,Topicals,915.28,31,29.53,39.5,361.53,31,16.23
7,2026-02-17,Topicals,796.2,33,24.13,39.76,316.56,33,27.42
7,2026-02-18,Topicals,746.11,34,21.94,38.07,284.03,34,15.18
7,2026-02-19,Topicals,844.18,22,38.37,37.69,318.19,22,29.09
7,2026-02-20,Topicals,796.38,24,33.18,43.39,345.59,24,14.5
7,2026-02-21,Topicals,1036.46,35,29.61,41.0,424.9,35,5.4
7,2026-02-22,Topicals,1049.39,52,20.18,39.63,415.84,52,28.41
7,2026-02-23,Topicals,859.2,27,31.82,41.82,359.35,27,19.13
7,2026-02-24,Topicals,790.45,26,30.4,38.61,305.23,26,23.98
7,2026-02-25,Topicals,805.23,36,22.37,37.38,301.02,36,13.52
7,2026-02-26,Topicals,924.24,42,22.01,42.52,392.98,42,10.83
7,2026-02-27,Topicals,841.58,23,36.59,35.6,299.64,23,12.79
7,2026-02-28,Topicals,1008.48,25,40.34,41.0,413.45,25,13.28
7,2026-03-01,Topicals,1040.25,40,26.01,36.94,384.31,40,19.64
7,2026-03-02,Topicals,941.69,23,40.94,43.82,412.62,23,26.96
7,2026-03-03,Topicals,768.57,23,33.42,35.65,273.99,23,17.72
7,2026-03-04,Topicals,889.43,39,22.81,35.84,318.77,39,16.11
7,2026-03-05,Topicals,794.34,29,27.39,38.03,302.06,29,25.39
7,2026-03-06,Topicals,875.27,24,36.47,42.58,372.66,24,23.06
7,2026-03-07,Topicals,996.78,25,39.87,36.54,364.19,25,28.82
7,2026-03-08,Topicals,1004.22,30,33.47,35.7,358.5,30,6.44
7,2026-03-09,Topicals,814.64,29,28.09,43.08,350.91,29,18.15
7,2026-03-10,Topicals,792.09,31,25.55,41.28,326.98,31,12.3
7,2026-03-11,Topicals,836.09,21,39.81,38.27,319.98,21,23.72
7,2026-03-12,Topicals,761.48,21,36.26,41.41,315.33,21,22.91
7,2026-03-13,Topicals,821.09,26,31.58,36.9,302.95,26,10.18
7,2026-03-14,Topicals,1342.27,41,32.74,44.81,601.53,41,22.41
7,2026-03-15,Topicals,965.58,35,27.59,37.97,366.6,35,8.79
7,2026-03-16,Topicals,967.66,35,27.65,38.22,369.8,35,16.06
7,2026-03-17,Topicals,854.59,21,40.69,38.98,333.14,21,9.19
7,2026-02-15,Tinctures,906.19,34,26.65,44.86,406.51,34,24.78
7,2026-02-16,Tinctures,654.27,24,27.26,48.0,314.04,24,21.61
7,2026-02-17,Tinctures,483.69,12,40.31,41.8,202.17,12,5.47
7,2026-02-18,Tinctures,488.37,15,32.56,43.25,211.24,15,5.68
7,2026-02-19,Tinctures,615.26,24,25.64,45.55,280.23,24,24.63
7,2026-02-20,Tinctures,516.98,15,34.47,45.85,237.04,15,17.76
7,2026-02-21,Tinctures,740.95,22,33.68,40.02,296.53,22,16.91
7,2026-02-22,Tinctures,665.61,27,24.65,40.2,267.56,27,12.03
7,2026-02-23,Tinctures,506.8,22,23.04,40.65,206.02,22,11.49
7,2026-02-24,Tinctures,547.68,22,24.89,42.78,234.29,22,15.5
7,2026-02-25,Tinctures,514.67,19,27.09,47.94,246.74,19,28.59
7,2026-02-26,Tinctures,643.69,19,33.88,40.11,258.16,19,14.6
7,2026-02-27,Tinctures,583.84,14,41.7,47.54,277.58,14,12.78
7,2026-02-28,Tinctures,657.26,16,41.08,46.16,303.4,16,15.47
7,2026-03-01,Tinctures,791.23,37,21.38,40.3,318.84,37,9.95
7,2026-03-02,Tinctures,523.29,22,23.79,49.24,257.68,22,24.87
7,2026-03-03,Tinctures,541.31,16,33.83,45.09,244.08,16,17.46
7,2026-03-04,Tinctures,569.59,17,33.51,44.65,254.34,17,20.53
7,2026-03-05,Tinctures,584.46,22,26.57,47.06,275.02,22,29.95
7,2026-03-06,Tinctures,577.18,16,36.07,43.13,248.94,16,9.7
7,2026-03-07,Tinctures,607.3,18,33.74,46.03,279.54,18,20.2
7,2026-03-08,Tinctures,709.86,30,23.66,48.6,344.97,30,15.27
7,2026-03-09,Tinctures,643.81,17,37.87,44.6,287.15,17,19.4
7,2026-03-10,Tinctures,532.56,15,35.5,47.22,251.49,15,10.43
7,2026-03-11,Tinctures,602.09,28,21.5,45.48,273.86,28,11.06
7,2026-03-12,Tinctures,513.41,18,28.52,43.08,221.19,18,6.31
7,2026-03-13,Tinctures,571.73,14,40.84,41.21,235.6,14,10.34
7,2026-03-14,Tinctures,848.76,21,40.42,46.94,398.39,21,13.3
7,2026-03-15,Tinctures,664.12,31,21.42,49.23,326.97,31,19.95
7,2026-03-16,Tinctures,569.07,15,37.94,40.7,231.61,15,9.81
7,2026-03-17,Tinctures,614.68,20,30.73,47.35,291.04,20,24.01
